// Jest Snapshot v1, https://goo.gl/fbAQLP

exports[`Card snapshot 1`] = `
<div
  class="sc-AxirZ hGmzvG"
>
  <div
    class="sc-AxiKw jxIpNn"
  >
    Sun
  </div>
  <section
    class="sc-AxhCb gWzavo"
  />
</div>
`;
