// Jest Snapshot v1, https://goo.gl/fbAQLP

exports[`Header snapshot 1`] = `
<div
  class="sc-AxjAm heRJOY"
/>
`;
