// Jest Snapshot v1, https://goo.gl/fbAQLP

exports[`JSONViewer snapshot 1`] = `
<div
  class="sc-AxjAm kwluUN"
>
  [
  ]
</div>
`;
