// Jest Snapshot v1, https://goo.gl/fbAQLP

exports[`Layout snapshot 1`] = `
<div
  class="sc-AxjAm etyYFM"
/>
`;
